,movie_month,observed_critics_pick_value,expected_critics_pick_value
0,Jan,196,210.92395790726212
1,Feb,212,226.15606291600045
2,Mar,276,288.59606589075224
3,Apr,248,286.0380024541702
4,May,253,268.8292120626185
5,Jun,257,250.92276800654446
6,Jul,239,223.24917264715725
7,Aug,249,253.48083144312645
8,Sep,305,293.59591715316253
9,Oct,325,323.01364667385565
10,Nov,276,266.2711486260365
11,Dec,291,235.92321421931356
